[1,1,1]                 function foo(x)
[1,0,1,0,1]                 if x == 1 || x == 100
[1]                             return "hello"
-                           else
[0]                             return "goodbye"
-                           end
-                       end
-                       
